2026-04-20 08:59:37.476 [Preload-JFrame] INFO  c.m.preload.PreloadedJFrame:51 - Going to pre-create a couple of JFrames...
2026-04-20 08:59:37.479 [FelixStartLevel] INFO  c.m.commons.runtime.OsFamily:70 - Current OS family: macOS
2026-04-20 08:59:37.481 [FelixStartLevel] INFO  c.m.commons.runtime.OsFamily:71 - Current OS version: 14
2026-04-20 08:59:37.491 [FelixStartLevel] INFO  c.m.c.f.o.FileFormatServiceTracker:41 - FileFormatService is registered: com.mucommander.commons.file.archive.ar.Activator$$Lambda/0x000003ff00294730@6ea7db96
2026-04-20 08:59:37.492 [FelixStartLevel] INFO  c.m.c.f.o.FileFormatServiceTracker:41 - FileFormatService is registered: com.mucommander.commons.file.archive.bzip2.Activator$$Lambda/0x000003ff002a84e0@abd7a41
2026-04-20 08:59:37.494 [FelixStartLevel] INFO  c.m.c.f.o.FileFormatServiceTracker:41 - FileFormatService is registered: com.mucommander.commons.file.archive.cpio.Activator$$Lambda/0x000003ff002a8c98@1c55b8c9
2026-04-20 08:59:37.495 [FelixStartLevel] INFO  c.m.c.f.o.FileFormatServiceTracker:41 - FileFormatService is registered: com.mucommander.commons.file.archive.gzip.Activator$$Lambda/0x000003ff002aa4e0@52da6041
2026-04-20 08:59:37.496 [FelixStartLevel] INFO  c.m.c.f.o.FileFormatServiceTracker:41 - FileFormatService is registered: com.mucommander.commons.file.archive.iso.Activator$$Lambda/0x000003ff002ab4e0@d92f022
2026-04-20 08:59:37.498 [FelixStartLevel] INFO  c.m.c.f.o.FileFormatServiceTracker:41 - FileFormatService is registered: com.mucommander.commons.file.archive.lst.Activator$$Lambda/0x000003ff002ac978@25b44bb2
2026-04-20 08:59:37.499 [FelixStartLevel] INFO  c.m.c.f.o.FileFormatServiceTracker:41 - FileFormatService is registered: com.mucommander.commons.file.archive.rar.Activator$$Lambda/0x000003ff002ae4e8@284548d8
2026-04-20 08:59:37.500 [FelixStartLevel] INFO  c.m.c.f.o.FileFormatServiceTracker:41 - FileFormatService is registered: com.mucommander.commons.file.archive.rpm.Activator$$Lambda/0x000003ff002aec98@435c2595
2026-04-20 08:59:37.501 [FelixStartLevel] INFO  c.m.c.f.o.FileFormatServiceTracker:41 - FileFormatService is registered: com.mucommander.commons.file.archive.sevenzip.Activator$$Lambda/0x000003ff002af498@23f90e92
2026-04-20 08:59:37.502 [FelixStartLevel] INFO  c.m.c.f.o.FileFormatServiceTracker:41 - FileFormatService is registered: com.mucommander.commons.file.archive.tar.Activator$$Lambda/0x000003ff002b04e0@328b9f12
2026-04-20 08:59:37.503 [FelixStartLevel] INFO  c.m.c.f.o.FileFormatServiceTracker:41 - FileFormatService is registered: com.mucommander.commons.file.archive.xz.Activator$$Lambda/0x000003ff002b14e0@4734aee0
2026-04-20 08:59:37.505 [FelixStartLevel] INFO  c.m.c.f.o.FileFormatServiceTracker:41 - FileFormatService is registered: com.mucommander.commons.file.archive.zip.Activator$$Lambda/0x000003ff002b2510@52034838
2026-04-20 08:59:37.508 [FelixStartLevel] INFO  c.m.c.f.o.FileProtocolServiceTracker:43 - FileProtocolService is registered: com.mucommander.commons.file.protocol.adb.Activator$1@260df32b
2026-04-20 08:59:37.509 [FelixStartLevel] DEBUG com.mucommander.conf.Activator:13 - starting
2026-04-20 08:59:37.511 [Preload-JFrame] INFO  c.m.preload.PreloadedJFrame:55 - JFrames pre-creation completed in 34ms
2026-04-20 08:59:37.511 [Preload-JFrame] INFO  c.m.preload.PreloadedJFrame:57 - Going to pre-create a couple of JPanels...
2026-04-20 08:59:37.511 [Preload-JFrame] INFO  c.m.preload.PreloadedJFrame:65 - JPanel pre-creation completed in 0ms
2026-04-20 08:59:37.512 [FelixStartLevel] TRACE c.mucommander.commons.io.BufferPool:232 - Creating new buffer with com.mucommander.commons.io.BufferPool$ByteBufferFactory@dabbc2d size= 65536
2026-04-20 08:59:37.517 [FelixStartLevel] INFO  c.m.c.f.o.FileProtocolServiceTracker:43 - FileProtocolService is registered: com.mucommander.commons.file.protocol.dropbox.Activator$1@5cb96536
2026-04-20 08:59:37.519 [FelixStartLevel] INFO  c.m.c.f.o.FileProtocolServiceTracker:43 - FileProtocolService is registered: com.mucommander.commons.file.protocol.gcs.Activator$1@5a743c53
2026-04-20 08:59:37.521 [FelixStartLevel] INFO  c.m.c.f.o.FileProtocolServiceTracker:43 - FileProtocolService is registered: com.mucommander.commons.file.protocol.ftp.Activator$1@2fbded91
2026-04-20 08:59:37.522 [FelixStartLevel] INFO  c.m.c.f.o.FileProtocolServiceTracker:43 - FileProtocolService is registered: com.mucommander.commons.file.protocol.gdrive.Activator$1@58092a4c
2026-04-20 08:59:37.550 [FelixStartLevel] INFO  c.m.c.f.o.FileProtocolServiceTracker:43 - FileProtocolService is registered: com.mucommander.commons.file.protocol.http.Activator$1@b63316e
2026-04-20 08:59:37.550 [FelixStartLevel] INFO  c.m.c.f.o.FileProtocolServiceTracker:43 - FileProtocolService is registered: com.mucommander.commons.file.protocol.http.Activator$2@6efd3fe8
2026-04-20 08:59:37.551 [FelixStartLevel] INFO  c.m.c.f.o.FileProtocolServiceTracker:43 - FileProtocolService is registered: com.mucommander.commons.file.protocol.nfs.Activator$1@51b66f20
2026-04-20 08:59:37.554 [FelixStartLevel] INFO  c.m.c.f.o.FileProtocolServiceTracker:43 - FileProtocolService is registered: com.mucommander.commons.file.protocol.onedrive.Activator$1@4204b4af
2026-04-20 08:59:37.556 [FelixStartLevel] INFO  c.m.c.f.o.FileProtocolServiceTracker:43 - FileProtocolService is registered: com.mucommander.commons.file.protocol.ovirt.Activator$1@6bca4060
2026-04-20 08:59:37.557 [FelixStartLevel] INFO  c.m.c.f.o.FileProtocolServiceTracker:43 - FileProtocolService is registered: com.mucommander.commons.file.protocol.registry.Activator$1@18b5fa38
2026-04-20 08:59:37.557 [FelixStartLevel] INFO  c.m.c.f.o.FileProtocolServiceTracker:43 - FileProtocolService is registered: com.mucommander.commons.file.protocol.registry.Activator$2@172b7667
2026-04-20 08:59:37.557 [FelixStartLevel] INFO  c.m.c.f.o.FileProtocolServiceTracker:43 - FileProtocolService is registered: com.mucommander.commons.file.protocol.registry.Activator$3@42ac5dca
2026-04-20 08:59:37.557 [FelixStartLevel] INFO  c.m.c.f.o.FileProtocolServiceTracker:43 - FileProtocolService is registered: com.mucommander.commons.file.protocol.registry.Activator$4@3998efd6
2026-04-20 08:59:37.561 [FelixStartLevel] INFO  c.m.c.f.o.FileProtocolServiceTracker:43 - FileProtocolService is registered: com.mucommander.commons.file.protocol.s3.Activator$1@3bb91da9
2026-04-20 08:59:37.563 [FelixStartLevel] INFO  c.m.c.f.o.FileProtocolServiceTracker:43 - FileProtocolService is registered: com.mucommander.commons.file.protocol.sftp.Activator$1@1afff21b
2026-04-20 08:59:37.565 [SMBinit] INFO  c.m.c.f.o.FileProtocolServiceTracker:43 - FileProtocolService is registered: com.mucommander.commons.file.protocol.smb.Activator$1@4de31b58
2026-04-20 08:59:37.566 [FelixStartLevel] INFO  c.m.c.f.o.FileProtocolServiceTracker:43 - FileProtocolService is registered: com.mucommander.commons.file.protocol.vsphere.Activator$1@653863f4
2026-04-20 08:59:37.567 [FelixStartLevel] INFO  com.mucommander.text.Activator:87 - Using language set in preferences: en
2026-04-20 08:59:37.567 [FelixStartLevel] INFO  com.mucommander.text.Activator:104 - Found exact match (language+country) for locale en
2026-04-20 08:59:37.567 [FelixStartLevel] DEBUG com.mucommander.text.Activator:46 - Current language has been set to en
2026-04-20 08:59:37.583 [FelixStartLevel] DEBUG c.m.v.image.ImageFileViewerService:56 - The list of supported image formats and their handlers:
2026-04-20 08:59:37.583 [FelixStartLevel] DEBUG c.m.v.image.ImageFileViewerService:59 - psd:
2026-04-20 08:59:37.585 [FelixStartLevel] DEBUG c.m.v.image.ImageFileViewerService:61 - 	 com.twelvemonkeys.imageio.plugins.psd.PSDImageReader@5680e646
2026-04-20 08:59:37.585 [FelixStartLevel] DEBUG c.m.v.image.ImageFileViewerService:61 - 	 com.twelvemonkeys.imageio.plugins.psd.PSDImageReader@7bec3a21
2026-04-20 08:59:37.585 [FelixStartLevel] DEBUG c.m.v.image.ImageFileViewerService:59 - tif:
2026-04-20 08:59:37.587 [FelixStartLevel] DEBUG c.m.v.image.ImageFileViewerService:61 - 	 com.twelvemonkeys.imageio.plugins.tiff.TIFFImageReader@d7454a3
2026-04-20 08:59:37.590 [FelixStartLevel] DEBUG c.m.v.image.ImageFileViewerService:61 - 	 com.sun.imageio.plugins.tiff.TIFFImageReader@7e20aee8
2026-04-20 08:59:37.591 [FelixStartLevel] DEBUG c.m.v.image.ImageFileViewerService:59 - jpg:
2026-04-20 08:59:37.596 [FelixStartLevel] DEBUG c.m.v.image.ImageFileViewerService:61 - 	 com.twelvemonkeys.imageio.plugins.jpeg.JPEGImageReader@2ece1639
2026-04-20 08:59:37.596 [FelixStartLevel] DEBUG c.m.v.image.ImageFileViewerService:61 - 	 com.sun.imageio.plugins.jpeg.JPEGImageReader@75d9ff4e
2026-04-20 08:59:37.596 [FelixStartLevel] DEBUG c.m.v.image.ImageFileViewerService:59 - tiff:
2026-04-20 08:59:37.596 [FelixStartLevel] DEBUG c.m.v.image.ImageFileViewerService:61 - 	 com.twelvemonkeys.imageio.plugins.tiff.TIFFImageReader@389d29eb
2026-04-20 08:59:37.596 [FelixStartLevel] DEBUG c.m.v.image.ImageFileViewerService:61 - 	 com.sun.imageio.plugins.tiff.TIFFImageReader@663c8f1f
2026-04-20 08:59:37.596 [FelixStartLevel] DEBUG c.m.v.image.ImageFileViewerService:59 - bmp:
2026-04-20 08:59:37.597 [FelixStartLevel] DEBUG c.m.v.image.ImageFileViewerService:61 - 	 com.sun.imageio.plugins.bmp.BMPImageReader@56145a33
2026-04-20 08:59:37.597 [FelixStartLevel] DEBUG c.m.v.image.ImageFileViewerService:59 - wbp:
2026-04-20 08:59:37.597 [FelixStartLevel] DEBUG c.m.v.image.ImageFileViewerService:61 - 	 com.twelvemonkeys.imageio.plugins.webp.WebPImageReader@14109a2b
2026-04-20 08:59:37.597 [FelixStartLevel] DEBUG c.m.v.image.ImageFileViewerService:59 - gif:
2026-04-20 08:59:37.597 [FelixStartLevel] DEBUG c.m.v.image.ImageFileViewerService:61 - 	 com.sun.imageio.plugins.gif.GIFImageReader@549b932c
2026-04-20 08:59:37.598 [FelixStartLevel] DEBUG c.m.v.image.ImageFileViewerService:59 - png:
2026-04-20 08:59:37.598 [FelixStartLevel] DEBUG c.m.v.image.ImageFileViewerService:61 - 	 com.sun.imageio.plugins.png.PNGImageReader@79eb5ac4
2026-04-20 08:59:37.598 [FelixStartLevel] DEBUG c.m.v.image.ImageFileViewerService:59 - wbmp:
2026-04-20 08:59:37.598 [FelixStartLevel] DEBUG c.m.v.image.ImageFileViewerService:61 - 	 com.sun.imageio.plugins.wbmp.WBMPImageReader@6196d0af
2026-04-20 08:59:37.599 [FelixStartLevel] DEBUG c.m.v.image.ImageFileViewerService:59 - jpeg:
2026-04-20 08:59:37.599 [FelixStartLevel] DEBUG c.m.v.image.ImageFileViewerService:61 - 	 com.twelvemonkeys.imageio.plugins.jpeg.JPEGImageReader@3ebc4d2d
2026-04-20 08:59:37.599 [FelixStartLevel] DEBUG c.m.v.image.ImageFileViewerService:61 - 	 com.sun.imageio.plugins.jpeg.JPEGImageReader@569139a2
2026-04-20 08:59:37.599 [FelixStartLevel] DEBUG c.m.v.image.ImageFileViewerService:59 - webp:
2026-04-20 08:59:37.599 [FelixStartLevel] DEBUG c.m.v.image.ImageFileViewerService:61 - 	 com.twelvemonkeys.imageio.plugins.webp.WebPImageReader@5bf779e6
2026-04-20 08:59:37.599 [FelixStartLevel] DEBUG c.m.v.image.ImageFileViewerService:59 - psb:
2026-04-20 08:59:37.599 [FelixStartLevel] DEBUG c.m.v.image.ImageFileViewerService:61 - 	 com.twelvemonkeys.imageio.plugins.psd.PSDImageReader@7fe9290
2026-04-20 08:59:37.599 [FelixStartLevel] DEBUG c.m.v.image.ImageFileViewerService:61 - 	 com.twelvemonkeys.imageio.plugins.psd.PSDImageReader@7591c9c3
2026-04-20 08:59:37.631 [FelixStartLevel] DEBUG com.mucommander.Activator:90 - starting
2026-04-20 08:59:37.632 [FelixStartLevel] INFO  c.m.c.f.o.FileProtocolServiceTracker:43 - FileProtocolService is registered: com.mucommander.Activator$2@752418b4
2026-04-20 08:59:37.634 [FelixStartLevel] INFO  c.m.u.m.o.ProtocolPanelProviderTracker:27 - ProtocolPanelProvider is registered: com.mucommander.commons.file.protocol.s3.Activator$2@15151de7
2026-04-20 08:59:37.673 [FelixStartLevel] INFO  c.m.u.m.o.ProtocolPanelProviderTracker:27 - ProtocolPanelProvider is registered: com.mucommander.commons.file.protocol.gdrive.Activator$2@73519c1e
2026-04-20 08:59:37.673 [FelixStartLevel] INFO  c.m.u.m.o.ProtocolPanelProviderTracker:27 - ProtocolPanelProvider is registered: com.mucommander.commons.file.protocol.onedrive.Activator$2@78b14bd9
2026-04-20 08:59:37.673 [FelixStartLevel] INFO  c.m.u.m.o.ProtocolPanelProviderTracker:27 - ProtocolPanelProvider is registered: com.mucommander.commons.file.protocol.registry.Activator$5@6a84428
2026-04-20 08:59:37.673 [FelixStartLevel] INFO  c.m.u.m.o.ProtocolPanelProviderTracker:27 - ProtocolPanelProvider is registered: com.mucommander.commons.file.protocol.sftp.Activator$2@5ffc2110
2026-04-20 08:59:37.674 [FelixStartLevel] INFO  c.m.u.m.o.ProtocolPanelProviderTracker:27 - ProtocolPanelProvider is registered: com.mucommander.commons.file.protocol.smb.Activator$2@20b2e79d
2026-04-20 08:59:37.674 [FelixStartLevel] INFO  c.m.u.m.o.ProtocolPanelProviderTracker:27 - ProtocolPanelProvider is registered: com.mucommander.commons.file.protocol.vsphere.Activator$2@52af8fd1
2026-04-20 08:59:37.674 [FelixStartLevel] INFO  c.m.u.m.o.ProtocolPanelProviderTracker:27 - ProtocolPanelProvider is registered: com.mucommander.commons.file.protocol.ovirt.Activator$2@16e218a8
2026-04-20 08:59:37.674 [FelixStartLevel] INFO  c.m.u.m.o.ProtocolPanelProviderTracker:27 - ProtocolPanelProvider is registered: com.mucommander.commons.file.protocol.http.Activator$3@28284fc5
2026-04-20 08:59:37.674 [FelixStartLevel] INFO  c.m.u.m.o.ProtocolPanelProviderTracker:27 - ProtocolPanelProvider is registered: com.mucommander.commons.file.protocol.dropbox.Activator$2@1f11cb52
2026-04-20 08:59:37.674 [FelixStartLevel] INFO  c.m.u.m.o.ProtocolPanelProviderTracker:27 - ProtocolPanelProvider is registered: com.mucommander.commons.file.protocol.nfs.Activator$2@316e0e66
2026-04-20 08:59:37.674 [FelixStartLevel] INFO  c.m.u.m.o.ProtocolPanelProviderTracker:27 - ProtocolPanelProvider is registered: com.mucommander.commons.file.protocol.ftp.Activator$2@374f77bb
2026-04-20 08:59:37.674 [FelixStartLevel] INFO  c.m.u.m.o.ProtocolPanelProviderTracker:27 - ProtocolPanelProvider is registered: com.mucommander.commons.file.protocol.gcs.Activator$2@5d7340f0
2026-04-20 08:59:37.674 [FelixStartLevel] INFO  c.m.text.TranslationTracker:22 - TranslationService is registered: com.mucommander.text.Activator$1@3e6852bf
2026-04-20 08:59:37.675 [FelixStartLevel] INFO  c.m.osgi.FileViewerServiceTracker:50 - FileViewerService is registered: com.mucommander.viewer.text.TextFileViewerService@2270cf06
2026-04-20 08:59:37.675 [FelixStartLevel] INFO  c.m.osgi.FileViewerServiceTracker:50 - FileViewerService is registered: com.mucommander.viewer.binary.BinaryFileViewerService@b5a18d
2026-04-20 08:59:37.675 [FelixStartLevel] INFO  c.m.osgi.FileViewerServiceTracker:50 - FileViewerService is registered: com.mucommander.viewer.image.ImageFileViewerService@511d6ad7
2026-04-20 08:59:37.675 [FelixStartLevel] INFO  c.m.osgi.FileViewerServiceTracker:50 - FileViewerService is registered: com.mucommander.viewer.pdf.PdfFileViewer@5e824693
2026-04-20 08:59:37.675 [FelixStartLevel] INFO  c.m.osgi.FileEditorServiceTracker:50 - FileEditorService is registered: com.mucommander.viewer.text.TextFileViewerService@2270cf06
2026-04-20 08:59:37.675 [FelixStartLevel] INFO  c.m.osgi.FileEditorServiceTracker:50 - FileEditorService is registered: com.mucommander.viewer.binary.BinaryFileViewerService@2e45a64b
2026-04-20 08:59:37.678 [FelixStartLevel] INFO  c.m.o.OperatingSystemServiceTracker:43 - OperatingSystemService is registered: com.mucommander.desktop.macos.Activator$1@799c7a1a
2026-04-20 08:59:37.678 [FelixStartLevel] INFO  c.m.osgi.BrowsableItemsMenuService:45 - BrowseableItemsMenuService is registered: com.mucommander.bonjour.Activator$$Lambda/0x000003ff0022b9a0@3649fadf
2026-04-20 08:59:37.678 [FelixStartLevel] INFO  c.m.osgi.BrowsableItemsMenuService:45 - BrowseableItemsMenuService is registered: com.mucommander.commons.file.protocol.adb.Activator$$Lambda/0x000003ff002b79a8@63bbed62
2026-04-20 08:59:37.678 [FelixStartLevel] INFO  c.m.desktop.macos.CoreServiceTracker:42 - CoreService is registered: com.mucommander.Activator$1@6272019a
2026-04-20 08:59:49.975 [Preload-JFrame] INFO  c.m.preload.PreloadedJFrame:51 - Going to pre-create a couple of JFrames...
2026-04-20 08:59:49.979 [FelixStartLevel] INFO  c.m.commons.runtime.OsFamily:70 - Current OS family: macOS
2026-04-20 08:59:49.980 [FelixStartLevel] INFO  c.m.commons.runtime.OsFamily:71 - Current OS version: 14
2026-04-20 08:59:49.988 [FelixStartLevel] INFO  c.m.c.f.o.FileFormatServiceTracker:41 - FileFormatService is registered: com.mucommander.commons.file.archive.ar.Activator$$Lambda/0x0000020000294730@21ed36e2
2026-04-20 08:59:49.989 [FelixStartLevel] INFO  c.m.c.f.o.FileFormatServiceTracker:41 - FileFormatService is registered: com.mucommander.commons.file.archive.bzip2.Activator$$Lambda/0x00000200002a84e0@4b019bac
2026-04-20 08:59:49.991 [FelixStartLevel] INFO  c.m.c.f.o.FileFormatServiceTracker:41 - FileFormatService is registered: com.mucommander.commons.file.archive.cpio.Activator$$Lambda/0x00000200002a8c98@5c6ac22
2026-04-20 08:59:49.992 [FelixStartLevel] INFO  c.m.c.f.o.FileFormatServiceTracker:41 - FileFormatService is registered: com.mucommander.commons.file.archive.gzip.Activator$$Lambda/0x00000200002aa4e0@77280de2
2026-04-20 08:59:49.993 [FelixStartLevel] INFO  c.m.c.f.o.FileFormatServiceTracker:41 - FileFormatService is registered: com.mucommander.commons.file.archive.iso.Activator$$Lambda/0x00000200002ab730@3d9be44d
2026-04-20 08:59:49.995 [FelixStartLevel] INFO  c.m.c.f.o.FileFormatServiceTracker:41 - FileFormatService is registered: com.mucommander.commons.file.archive.lst.Activator$$Lambda/0x00000200002ad4e0@112bb4ee
2026-04-20 08:59:49.996 [FelixStartLevel] INFO  c.m.c.f.o.FileFormatServiceTracker:41 - FileFormatService is registered: com.mucommander.commons.file.archive.rar.Activator$$Lambda/0x00000200002aece8@5c6ac376
2026-04-20 08:59:49.997 [FelixStartLevel] INFO  c.m.c.f.o.FileFormatServiceTracker:41 - FileFormatService is registered: com.mucommander.commons.file.archive.rpm.Activator$$Lambda/0x00000200002af498@e1b95da
2026-04-20 08:59:49.998 [FelixStartLevel] INFO  c.m.c.f.o.FileFormatServiceTracker:41 - FileFormatService is registered: com.mucommander.commons.file.archive.sevenzip.Activator$$Lambda/0x00000200002afc98@65cb7e51
2026-04-20 08:59:49.999 [FelixStartLevel] INFO  c.m.c.f.o.FileFormatServiceTracker:41 - FileFormatService is registered: com.mucommander.commons.file.archive.tar.Activator$$Lambda/0x00000200002b0978@5d644236
2026-04-20 08:59:50.000 [FelixStartLevel] INFO  c.m.c.f.o.FileFormatServiceTracker:41 - FileFormatService is registered: com.mucommander.commons.file.archive.xz.Activator$$Lambda/0x00000200002b1978@73682952
2026-04-20 08:59:50.002 [FelixStartLevel] INFO  c.m.c.f.o.FileFormatServiceTracker:41 - FileFormatService is registered: com.mucommander.commons.file.archive.zip.Activator$$Lambda/0x00000200002b39a8@8ca4763
2026-04-20 08:59:50.003 [FelixStartLevel] DEBUG com.mucommander.conf.Activator:13 - starting
2026-04-20 08:59:50.005 [Preload-JFrame] INFO  c.m.preload.PreloadedJFrame:55 - JFrames pre-creation completed in 29ms
2026-04-20 08:59:50.005 [Preload-JFrame] INFO  c.m.preload.PreloadedJFrame:57 - Going to pre-create a couple of JPanels...
2026-04-20 08:59:50.005 [Preload-JFrame] INFO  c.m.preload.PreloadedJFrame:65 - JPanel pre-creation completed in 0ms
2026-04-20 08:59:50.006 [FelixStartLevel] TRACE c.mucommander.commons.io.BufferPool:232 - Creating new buffer with com.mucommander.commons.io.BufferPool$ByteBufferFactory@1953d797 size= 65536
2026-04-20 08:59:50.011 [FelixStartLevel] INFO  c.m.c.f.o.FileProtocolServiceTracker:43 - FileProtocolService is registered: com.mucommander.commons.file.protocol.adb.Activator$1@2d73bb21
2026-04-20 08:59:50.013 [FelixStartLevel] INFO  c.m.c.f.o.FileProtocolServiceTracker:43 - FileProtocolService is registered: com.mucommander.commons.file.protocol.dropbox.Activator$1@470560e3
2026-04-20 08:59:50.014 [FelixStartLevel] INFO  c.m.c.f.o.FileProtocolServiceTracker:43 - FileProtocolService is registered: com.mucommander.commons.file.protocol.ftp.Activator$1@5d39aa5b
2026-04-20 08:59:50.016 [FelixStartLevel] INFO  c.m.c.f.o.FileProtocolServiceTracker:43 - FileProtocolService is registered: com.mucommander.commons.file.protocol.gcs.Activator$1@624d6d33
2026-04-20 08:59:50.018 [FelixStartLevel] INFO  c.m.c.f.o.FileProtocolServiceTracker:43 - FileProtocolService is registered: com.mucommander.commons.file.protocol.gdrive.Activator$1@7728f54f
2026-04-20 08:59:50.051 [FelixStartLevel] INFO  c.m.c.f.o.FileProtocolServiceTracker:43 - FileProtocolService is registered: com.mucommander.commons.file.protocol.http.Activator$1@22b6a69
2026-04-20 08:59:50.051 [FelixStartLevel] INFO  c.m.c.f.o.FileProtocolServiceTracker:43 - FileProtocolService is registered: com.mucommander.commons.file.protocol.http.Activator$2@18c3d20e
2026-04-20 08:59:50.052 [FelixStartLevel] INFO  c.m.c.f.o.FileProtocolServiceTracker:43 - FileProtocolService is registered: com.mucommander.commons.file.protocol.nfs.Activator$1@5dfd90b8
2026-04-20 08:59:50.054 [FelixStartLevel] INFO  c.m.c.f.o.FileProtocolServiceTracker:43 - FileProtocolService is registered: com.mucommander.commons.file.protocol.onedrive.Activator$1@5dbf5142
2026-04-20 08:59:50.056 [FelixStartLevel] INFO  c.m.c.f.o.FileProtocolServiceTracker:43 - FileProtocolService is registered: com.mucommander.commons.file.protocol.ovirt.Activator$1@1a5bacd0
2026-04-20 08:59:50.058 [FelixStartLevel] INFO  c.m.c.f.o.FileProtocolServiceTracker:43 - FileProtocolService is registered: com.mucommander.commons.file.protocol.registry.Activator$1@ddecb6c
2026-04-20 08:59:50.058 [FelixStartLevel] INFO  c.m.c.f.o.FileProtocolServiceTracker:43 - FileProtocolService is registered: com.mucommander.commons.file.protocol.registry.Activator$2@589baf82
2026-04-20 08:59:50.058 [FelixStartLevel] INFO  c.m.c.f.o.FileProtocolServiceTracker:43 - FileProtocolService is registered: com.mucommander.commons.file.protocol.registry.Activator$3@3e0280f4
2026-04-20 08:59:50.058 [FelixStartLevel] INFO  c.m.c.f.o.FileProtocolServiceTracker:43 - FileProtocolService is registered: com.mucommander.commons.file.protocol.registry.Activator$4@20106336
2026-04-20 08:59:50.062 [FelixStartLevel] INFO  c.m.c.f.o.FileProtocolServiceTracker:43 - FileProtocolService is registered: com.mucommander.commons.file.protocol.s3.Activator$1@48cd93ee
2026-04-20 08:59:50.063 [FelixStartLevel] INFO  c.m.c.f.o.FileProtocolServiceTracker:43 - FileProtocolService is registered: com.mucommander.commons.file.protocol.sftp.Activator$1@26fba8ef
2026-04-20 08:59:50.066 [SMBinit] INFO  c.m.c.f.o.FileProtocolServiceTracker:43 - FileProtocolService is registered: com.mucommander.commons.file.protocol.smb.Activator$1@3fb57e15
2026-04-20 08:59:50.067 [FelixStartLevel] INFO  c.m.c.f.o.FileProtocolServiceTracker:43 - FileProtocolService is registered: com.mucommander.commons.file.protocol.vsphere.Activator$1@657cb5e4
2026-04-20 08:59:50.068 [FelixStartLevel] INFO  com.mucommander.text.Activator:87 - Using language set in preferences: en
2026-04-20 08:59:50.068 [FelixStartLevel] INFO  com.mucommander.text.Activator:104 - Found exact match (language+country) for locale en
2026-04-20 08:59:50.068 [FelixStartLevel] DEBUG com.mucommander.text.Activator:46 - Current language has been set to en
2026-04-20 08:59:50.084 [FelixStartLevel] DEBUG c.m.v.image.ImageFileViewerService:56 - The list of supported image formats and their handlers:
2026-04-20 08:59:50.085 [FelixStartLevel] DEBUG c.m.v.image.ImageFileViewerService:59 - psd:
2026-04-20 08:59:50.086 [FelixStartLevel] DEBUG c.m.v.image.ImageFileViewerService:61 - 	 com.twelvemonkeys.imageio.plugins.psd.PSDImageReader@2f6311fe
2026-04-20 08:59:50.087 [FelixStartLevel] DEBUG c.m.v.image.ImageFileViewerService:61 - 	 com.twelvemonkeys.imageio.plugins.psd.PSDImageReader@9cc91a
2026-04-20 08:59:50.087 [FelixStartLevel] DEBUG c.m.v.image.ImageFileViewerService:59 - jpg:
2026-04-20 08:59:50.091 [FelixStartLevel] DEBUG c.m.v.image.ImageFileViewerService:61 - 	 com.twelvemonkeys.imageio.plugins.jpeg.JPEGImageReader@7377317b
2026-04-20 08:59:50.091 [FelixStartLevel] DEBUG c.m.v.image.ImageFileViewerService:61 - 	 com.sun.imageio.plugins.jpeg.JPEGImageReader@4afa319
2026-04-20 08:59:50.091 [FelixStartLevel] DEBUG c.m.v.image.ImageFileViewerService:59 - tif:
2026-04-20 08:59:50.093 [FelixStartLevel] DEBUG c.m.v.image.ImageFileViewerService:61 - 	 com.twelvemonkeys.imageio.plugins.tiff.TIFFImageReader@a4e2e88
2026-04-20 08:59:50.096 [FelixStartLevel] DEBUG c.m.v.image.ImageFileViewerService:61 - 	 com.sun.imageio.plugins.tiff.TIFFImageReader@3c602014
2026-04-20 08:59:50.096 [FelixStartLevel] DEBUG c.m.v.image.ImageFileViewerService:59 - tiff:
2026-04-20 08:59:50.097 [FelixStartLevel] DEBUG c.m.v.image.ImageFileViewerService:61 - 	 com.twelvemonkeys.imageio.plugins.tiff.TIFFImageReader@101689a6
2026-04-20 08:59:50.097 [FelixStartLevel] DEBUG c.m.v.image.ImageFileViewerService:61 - 	 com.sun.imageio.plugins.tiff.TIFFImageReader@2df9e2ef
2026-04-20 08:59:50.097 [FelixStartLevel] DEBUG c.m.v.image.ImageFileViewerService:59 - wbp:
2026-04-20 08:59:50.097 [FelixStartLevel] DEBUG c.m.v.image.ImageFileViewerService:61 - 	 com.twelvemonkeys.imageio.plugins.webp.WebPImageReader@72c41577
2026-04-20 08:59:50.097 [FelixStartLevel] DEBUG c.m.v.image.ImageFileViewerService:59 - bmp:
2026-04-20 08:59:50.097 [FelixStartLevel] DEBUG c.m.v.image.ImageFileViewerService:61 - 	 com.sun.imageio.plugins.bmp.BMPImageReader@2a4547be
2026-04-20 08:59:50.097 [FelixStartLevel] DEBUG c.m.v.image.ImageFileViewerService:59 - gif:
2026-04-20 08:59:50.098 [FelixStartLevel] DEBUG c.m.v.image.ImageFileViewerService:61 - 	 com.sun.imageio.plugins.gif.GIFImageReader@25279bc4
2026-04-20 08:59:50.098 [FelixStartLevel] DEBUG c.m.v.image.ImageFileViewerService:59 - png:
2026-04-20 08:59:50.098 [FelixStartLevel] DEBUG c.m.v.image.ImageFileViewerService:61 - 	 com.sun.imageio.plugins.png.PNGImageReader@46799bcc
2026-04-20 08:59:50.098 [FelixStartLevel] DEBUG c.m.v.image.ImageFileViewerService:59 - jpeg:
2026-04-20 08:59:50.099 [FelixStartLevel] DEBUG c.m.v.image.ImageFileViewerService:61 - 	 com.twelvemonkeys.imageio.plugins.jpeg.JPEGImageReader@5c5b62
2026-04-20 08:59:50.099 [FelixStartLevel] DEBUG c.m.v.image.ImageFileViewerService:61 - 	 com.sun.imageio.plugins.jpeg.JPEGImageReader@1bebcc74
2026-04-20 08:59:50.099 [FelixStartLevel] DEBUG c.m.v.image.ImageFileViewerService:59 - wbmp:
2026-04-20 08:59:50.099 [FelixStartLevel] DEBUG c.m.v.image.ImageFileViewerService:61 - 	 com.sun.imageio.plugins.wbmp.WBMPImageReader@2ed925d5
2026-04-20 08:59:50.099 [FelixStartLevel] DEBUG c.m.v.image.ImageFileViewerService:59 - webp:
2026-04-20 08:59:50.099 [FelixStartLevel] DEBUG c.m.v.image.ImageFileViewerService:61 - 	 com.twelvemonkeys.imageio.plugins.webp.WebPImageReader@b292faf
2026-04-20 08:59:50.099 [FelixStartLevel] DEBUG c.m.v.image.ImageFileViewerService:59 - psb:
2026-04-20 08:59:50.099 [FelixStartLevel] DEBUG c.m.v.image.ImageFileViewerService:61 - 	 com.twelvemonkeys.imageio.plugins.psd.PSDImageReader@4ee4dad2
2026-04-20 08:59:50.099 [FelixStartLevel] DEBUG c.m.v.image.ImageFileViewerService:61 - 	 com.twelvemonkeys.imageio.plugins.psd.PSDImageReader@2e032ab
2026-04-20 08:59:50.132 [FelixStartLevel] DEBUG com.mucommander.Activator:90 - starting
2026-04-20 08:59:50.134 [FelixStartLevel] INFO  c.m.c.f.o.FileProtocolServiceTracker:43 - FileProtocolService is registered: com.mucommander.Activator$2@26a22756
2026-04-20 08:59:50.177 [FelixStartLevel] INFO  c.m.u.m.o.ProtocolPanelProviderTracker:27 - ProtocolPanelProvider is registered: com.mucommander.commons.file.protocol.smb.Activator$2@293ef9d1
2026-04-20 08:59:50.178 [FelixStartLevel] INFO  c.m.u.m.o.ProtocolPanelProviderTracker:27 - ProtocolPanelProvider is registered: com.mucommander.commons.file.protocol.ftp.Activator$2@a49eaae
2026-04-20 08:59:50.178 [FelixStartLevel] INFO  c.m.u.m.o.ProtocolPanelProviderTracker:27 - ProtocolPanelProvider is registered: com.mucommander.commons.file.protocol.gcs.Activator$2@9132a79
2026-04-20 08:59:50.178 [FelixStartLevel] INFO  c.m.u.m.o.ProtocolPanelProviderTracker:27 - ProtocolPanelProvider is registered: com.mucommander.commons.file.protocol.gdrive.Activator$2@3384087a
2026-04-20 08:59:50.178 [FelixStartLevel] INFO  c.m.u.m.o.ProtocolPanelProviderTracker:27 - ProtocolPanelProvider is registered: com.mucommander.commons.file.protocol.s3.Activator$2@6d2a9faa
2026-04-20 08:59:50.178 [FelixStartLevel] INFO  c.m.u.m.o.ProtocolPanelProviderTracker:27 - ProtocolPanelProvider is registered: com.mucommander.commons.file.protocol.sftp.Activator$2@2873043b
2026-04-20 08:59:50.178 [FelixStartLevel] INFO  c.m.u.m.o.ProtocolPanelProviderTracker:27 - ProtocolPanelProvider is registered: com.mucommander.commons.file.protocol.ovirt.Activator$2@38a3b3ae
2026-04-20 08:59:50.178 [FelixStartLevel] INFO  c.m.u.m.o.ProtocolPanelProviderTracker:27 - ProtocolPanelProvider is registered: com.mucommander.commons.file.protocol.onedrive.Activator$2@2bf7ab18
2026-04-20 08:59:50.178 [FelixStartLevel] INFO  c.m.u.m.o.ProtocolPanelProviderTracker:27 - ProtocolPanelProvider is registered: com.mucommander.commons.file.protocol.dropbox.Activator$2@1299a603
2026-04-20 08:59:50.178 [FelixStartLevel] INFO  c.m.u.m.o.ProtocolPanelProviderTracker:27 - ProtocolPanelProvider is registered: com.mucommander.commons.file.protocol.registry.Activator$5@22fb2ab7
2026-04-20 08:59:50.178 [FelixStartLevel] INFO  c.m.u.m.o.ProtocolPanelProviderTracker:27 - ProtocolPanelProvider is registered: com.mucommander.commons.file.protocol.vsphere.Activator$2@7e0d385
2026-04-20 08:59:50.178 [FelixStartLevel] INFO  c.m.u.m.o.ProtocolPanelProviderTracker:27 - ProtocolPanelProvider is registered: com.mucommander.commons.file.protocol.http.Activator$3@1159170a
2026-04-20 08:59:50.178 [FelixStartLevel] INFO  c.m.u.m.o.ProtocolPanelProviderTracker:27 - ProtocolPanelProvider is registered: com.mucommander.commons.file.protocol.nfs.Activator$2@4e2f029c
2026-04-20 08:59:50.179 [FelixStartLevel] INFO  c.m.text.TranslationTracker:22 - TranslationService is registered: com.mucommander.text.Activator$1@2335b856
2026-04-20 08:59:50.179 [FelixStartLevel] INFO  c.m.osgi.FileViewerServiceTracker:50 - FileViewerService is registered: com.mucommander.viewer.image.ImageFileViewerService@fd6eea2
2026-04-20 08:59:50.180 [FelixStartLevel] INFO  c.m.osgi.FileViewerServiceTracker:50 - FileViewerService is registered: com.mucommander.viewer.binary.BinaryFileViewerService@5b13ccf3
2026-04-20 08:59:50.180 [FelixStartLevel] INFO  c.m.osgi.FileViewerServiceTracker:50 - FileViewerService is registered: com.mucommander.viewer.text.TextFileViewerService@2a1384d
2026-04-20 08:59:50.180 [FelixStartLevel] INFO  c.m.osgi.FileViewerServiceTracker:50 - FileViewerService is registered: com.mucommander.viewer.pdf.PdfFileViewer@459c2242
2026-04-20 08:59:50.180 [FelixStartLevel] INFO  c.m.osgi.FileEditorServiceTracker:50 - FileEditorService is registered: com.mucommander.viewer.text.TextFileViewerService@2a1384d
2026-04-20 08:59:50.180 [FelixStartLevel] INFO  c.m.osgi.FileEditorServiceTracker:50 - FileEditorService is registered: com.mucommander.viewer.binary.BinaryFileViewerService@5188e1e6
2026-04-20 08:59:50.183 [FelixStartLevel] INFO  c.m.o.OperatingSystemServiceTracker:43 - OperatingSystemService is registered: com.mucommander.desktop.macos.Activator$1@287a786d
2026-04-20 08:59:50.183 [FelixStartLevel] INFO  c.m.osgi.BrowsableItemsMenuService:45 - BrowseableItemsMenuService is registered: com.mucommander.commons.file.protocol.adb.Activator$$Lambda/0x00000200003019a8@129a287e
2026-04-20 08:59:50.183 [FelixStartLevel] INFO  c.m.osgi.BrowsableItemsMenuService:45 - BrowseableItemsMenuService is registered: com.mucommander.bonjour.Activator$$Lambda/0x000002000022b9a0@67825ab8
2026-04-20 08:59:50.183 [FelixStartLevel] INFO  c.m.desktop.macos.CoreServiceTracker:42 - CoreService is registered: com.mucommander.Activator$1@953df6c
2026-04-20 08:59:50.187 [FelixStartLevel] INFO  c.m.viewer.image.ImageViewerSnapshot:67 - Loading snapshot configuration for: class com.mucommander.viewer.image.ImageViewerPreferences
2026-04-20 08:59:50.190 [FelixStartLevel] INFO  c.m.viewer.text.TextViewerSnapshot:67 - Loading snapshot configuration for: class com.mucommander.viewer.text.TextViewerPreferences
2026-04-20 08:59:50.190 [FelixStartLevel] INFO  c.mucommander.search.SearchSnapshot:67 - Loading snapshot configuration for: class com.mucommander.search.SearchProperty
2026-04-20 08:59:50.190 [FelixStartLevel] INFO  c.m.ui.viewer.ViewerSnapshot:67 - Loading snapshot configuration for: class com.mucommander.ui.viewer.ViewerPreferences
2026-04-20 08:59:50.190 [FelixStartLevel] INFO  c.m.ui.viewer.EditorSnapshot:67 - Loading snapshot configuration for: class com.mucommander.ui.viewer.EditorPreferences
2026-04-20 09:00:54.060 [Preload-JFrame] INFO  c.m.preload.PreloadedJFrame:51 - Going to pre-create a couple of JFrames...
2026-04-20 09:00:54.064 [FelixStartLevel] INFO  c.m.commons.runtime.OsFamily:70 - Current OS family: macOS
2026-04-20 09:00:54.065 [FelixStartLevel] INFO  c.m.commons.runtime.OsFamily:71 - Current OS version: 14
2026-04-20 09:00:54.073 [FelixStartLevel] INFO  c.m.c.f.o.FileFormatServiceTracker:41 - FileFormatService is registered: com.mucommander.commons.file.archive.ar.Activator$$Lambda/0x0000020000290730@21ed36e2
2026-04-20 09:00:54.075 [FelixStartLevel] INFO  c.m.c.f.o.FileFormatServiceTracker:41 - FileFormatService is registered: com.mucommander.commons.file.archive.bzip2.Activator$$Lambda/0x00000200002a14e0@4b019bac
2026-04-20 09:00:54.076 [FelixStartLevel] INFO  c.m.c.f.o.FileFormatServiceTracker:41 - FileFormatService is registered: com.mucommander.commons.file.archive.cpio.Activator$$Lambda/0x00000200002a1c98@5c6ac22
2026-04-20 09:00:54.078 [FelixStartLevel] INFO  c.m.c.f.o.FileFormatServiceTracker:41 - FileFormatService is registered: com.mucommander.commons.file.archive.gzip.Activator$$Lambda/0x00000200002a34e0@77280de2
2026-04-20 09:00:54.079 [FelixStartLevel] INFO  c.m.c.f.o.FileFormatServiceTracker:41 - FileFormatService is registered: com.mucommander.commons.file.archive.iso.Activator$$Lambda/0x00000200002a84e0@3d9be44d
2026-04-20 09:00:54.081 [FelixStartLevel] INFO  c.m.c.f.o.FileFormatServiceTracker:41 - FileFormatService is registered: com.mucommander.commons.file.archive.lst.Activator$$Lambda/0x00000200002a9978@112bb4ee
2026-04-20 09:00:54.082 [FelixStartLevel] INFO  c.m.c.f.o.FileFormatServiceTracker:41 - FileFormatService is registered: com.mucommander.commons.file.archive.rar.Activator$$Lambda/0x00000200002ab4e8@5c6ac376
2026-04-20 09:00:54.083 [FelixStartLevel] INFO  c.m.c.f.o.FileFormatServiceTracker:41 - FileFormatService is registered: com.mucommander.commons.file.archive.rpm.Activator$$Lambda/0x00000200002abc98@e1b95da
2026-04-20 09:00:54.084 [FelixStartLevel] INFO  c.m.c.f.o.FileFormatServiceTracker:41 - FileFormatService is registered: com.mucommander.commons.file.archive.sevenzip.Activator$$Lambda/0x00000200002ac498@65cb7e51
2026-04-20 09:00:54.085 [FelixStartLevel] INFO  c.m.c.f.o.FileFormatServiceTracker:41 - FileFormatService is registered: com.mucommander.commons.file.archive.tar.Activator$$Lambda/0x00000200002ad4e0@5d644236
2026-04-20 09:00:54.086 [FelixStartLevel] INFO  c.m.c.f.o.FileFormatServiceTracker:41 - FileFormatService is registered: com.mucommander.commons.file.archive.xz.Activator$$Lambda/0x00000200002ae4e0@73682952
2026-04-20 09:00:54.087 [FelixStartLevel] INFO  c.m.c.f.o.FileFormatServiceTracker:41 - FileFormatService is registered: com.mucommander.commons.file.archive.zip.Activator$$Lambda/0x00000200002af510@60490ddc
2026-04-20 09:00:54.090 [FelixStartLevel] DEBUG com.mucommander.conf.Activator:13 - starting
2026-04-20 09:00:54.093 [Preload-JFrame] INFO  c.m.preload.PreloadedJFrame:55 - JFrames pre-creation completed in 32ms
2026-04-20 09:00:54.093 [Preload-JFrame] INFO  c.m.preload.PreloadedJFrame:57 - Going to pre-create a couple of JPanels...
2026-04-20 09:00:54.093 [FelixStartLevel] TRACE c.mucommander.commons.io.BufferPool:232 - Creating new buffer with com.mucommander.commons.io.BufferPool$ByteBufferFactory@1953d797 size= 65536
2026-04-20 09:00:54.093 [Preload-JFrame] INFO  c.m.preload.PreloadedJFrame:65 - JPanel pre-creation completed in 0ms
2026-04-20 09:00:54.098 [FelixStartLevel] INFO  c.m.c.f.o.FileProtocolServiceTracker:43 - FileProtocolService is registered: com.mucommander.commons.file.protocol.adb.Activator$1@2d73bb21
2026-04-20 09:00:54.100 [FelixStartLevel] INFO  c.m.c.f.o.FileProtocolServiceTracker:43 - FileProtocolService is registered: com.mucommander.commons.file.protocol.ftp.Activator$1@61c50fe0
2026-04-20 09:00:54.102 [FelixStartLevel] INFO  c.m.c.f.o.FileProtocolServiceTracker:43 - FileProtocolService is registered: com.mucommander.commons.file.protocol.dropbox.Activator$1@5d39aa5b
2026-04-20 09:00:54.103 [FelixStartLevel] INFO  c.m.c.f.o.FileProtocolServiceTracker:43 - FileProtocolService is registered: com.mucommander.commons.file.protocol.gcs.Activator$1@624d6d33
2026-04-20 09:00:54.106 [FelixStartLevel] INFO  c.m.c.f.o.FileProtocolServiceTracker:43 - FileProtocolService is registered: com.mucommander.commons.file.protocol.gdrive.Activator$1@7728f54f
2026-04-20 09:00:54.134 [FelixStartLevel] INFO  c.m.c.f.o.FileProtocolServiceTracker:43 - FileProtocolService is registered: com.mucommander.commons.file.protocol.http.Activator$1@22b6a69
2026-04-20 09:00:54.135 [FelixStartLevel] INFO  c.m.c.f.o.FileProtocolServiceTracker:43 - FileProtocolService is registered: com.mucommander.commons.file.protocol.http.Activator$2@18c3d20e
2026-04-20 09:00:54.136 [FelixStartLevel] INFO  c.m.c.f.o.FileProtocolServiceTracker:43 - FileProtocolService is registered: com.mucommander.commons.file.protocol.nfs.Activator$1@5dfd90b8
2026-04-20 09:00:54.139 [FelixStartLevel] INFO  c.m.c.f.o.FileProtocolServiceTracker:43 - FileProtocolService is registered: com.mucommander.commons.file.protocol.onedrive.Activator$1@5dbf5142
2026-04-20 09:00:54.141 [FelixStartLevel] INFO  c.m.c.f.o.FileProtocolServiceTracker:43 - FileProtocolService is registered: com.mucommander.commons.file.protocol.ovirt.Activator$1@1a5bacd0
2026-04-20 09:00:54.142 [FelixStartLevel] INFO  c.m.c.f.o.FileProtocolServiceTracker:43 - FileProtocolService is registered: com.mucommander.commons.file.protocol.registry.Activator$1@ddecb6c
2026-04-20 09:00:54.143 [FelixStartLevel] INFO  c.m.c.f.o.FileProtocolServiceTracker:43 - FileProtocolService is registered: com.mucommander.commons.file.protocol.registry.Activator$2@589baf82
2026-04-20 09:00:54.143 [FelixStartLevel] INFO  c.m.c.f.o.FileProtocolServiceTracker:43 - FileProtocolService is registered: com.mucommander.commons.file.protocol.registry.Activator$3@3e0280f4
2026-04-20 09:00:54.143 [FelixStartLevel] INFO  c.m.c.f.o.FileProtocolServiceTracker:43 - FileProtocolService is registered: com.mucommander.commons.file.protocol.registry.Activator$4@20106336
2026-04-20 09:00:54.147 [FelixStartLevel] INFO  c.m.c.f.o.FileProtocolServiceTracker:43 - FileProtocolService is registered: com.mucommander.commons.file.protocol.s3.Activator$1@48cd93ee
2026-04-20 09:00:54.148 [FelixStartLevel] INFO  c.m.c.f.o.FileProtocolServiceTracker:43 - FileProtocolService is registered: com.mucommander.commons.file.protocol.sftp.Activator$1@26fba8ef
2026-04-20 09:00:54.151 [SMBinit] INFO  c.m.c.f.o.FileProtocolServiceTracker:43 - FileProtocolService is registered: com.mucommander.commons.file.protocol.smb.Activator$1@3fb57e15
2026-04-20 09:00:54.152 [FelixStartLevel] INFO  c.m.c.f.o.FileProtocolServiceTracker:43 - FileProtocolService is registered: com.mucommander.commons.file.protocol.vsphere.Activator$1@657cb5e4
2026-04-20 09:00:54.153 [FelixStartLevel] INFO  com.mucommander.text.Activator:87 - Using language set in preferences: en
2026-04-20 09:00:54.154 [FelixStartLevel] INFO  com.mucommander.text.Activator:104 - Found exact match (language+country) for locale en
2026-04-20 09:00:54.154 [FelixStartLevel] DEBUG com.mucommander.text.Activator:46 - Current language has been set to en
2026-04-20 09:00:54.171 [FelixStartLevel] DEBUG c.m.v.image.ImageFileViewerService:56 - The list of supported image formats and their handlers:
2026-04-20 09:00:54.172 [FelixStartLevel] DEBUG c.m.v.image.ImageFileViewerService:59 - psd:
2026-04-20 09:00:54.173 [FelixStartLevel] DEBUG c.m.v.image.ImageFileViewerService:61 - 	 com.twelvemonkeys.imageio.plugins.psd.PSDImageReader@2f6311fe
2026-04-20 09:00:54.174 [FelixStartLevel] DEBUG c.m.v.image.ImageFileViewerService:61 - 	 com.twelvemonkeys.imageio.plugins.psd.PSDImageReader@9cc91a
2026-04-20 09:00:54.174 [FelixStartLevel] DEBUG c.m.v.image.ImageFileViewerService:59 - jpg:
2026-04-20 09:00:54.178 [FelixStartLevel] DEBUG c.m.v.image.ImageFileViewerService:61 - 	 com.twelvemonkeys.imageio.plugins.jpeg.JPEGImageReader@7377317b
2026-04-20 09:00:54.178 [FelixStartLevel] DEBUG c.m.v.image.ImageFileViewerService:61 - 	 com.sun.imageio.plugins.jpeg.JPEGImageReader@4afa319
2026-04-20 09:00:54.178 [FelixStartLevel] DEBUG c.m.v.image.ImageFileViewerService:59 - tif:
2026-04-20 09:00:54.181 [FelixStartLevel] DEBUG c.m.v.image.ImageFileViewerService:61 - 	 com.twelvemonkeys.imageio.plugins.tiff.TIFFImageReader@a4e2e88
2026-04-20 09:00:54.184 [FelixStartLevel] DEBUG c.m.v.image.ImageFileViewerService:61 - 	 com.sun.imageio.plugins.tiff.TIFFImageReader@3c602014
2026-04-20 09:00:54.184 [FelixStartLevel] DEBUG c.m.v.image.ImageFileViewerService:59 - tiff:
2026-04-20 09:00:54.184 [FelixStartLevel] DEBUG c.m.v.image.ImageFileViewerService:61 - 	 com.twelvemonkeys.imageio.plugins.tiff.TIFFImageReader@101689a6
2026-04-20 09:00:54.184 [FelixStartLevel] DEBUG c.m.v.image.ImageFileViewerService:61 - 	 com.sun.imageio.plugins.tiff.TIFFImageReader@2df9e2ef
2026-04-20 09:00:54.184 [FelixStartLevel] DEBUG c.m.v.image.ImageFileViewerService:59 - wbp:
2026-04-20 09:00:54.185 [FelixStartLevel] DEBUG c.m.v.image.ImageFileViewerService:61 - 	 com.twelvemonkeys.imageio.plugins.webp.WebPImageReader@72c41577
2026-04-20 09:00:54.185 [FelixStartLevel] DEBUG c.m.v.image.ImageFileViewerService:59 - bmp:
2026-04-20 09:00:54.185 [FelixStartLevel] DEBUG c.m.v.image.ImageFileViewerService:61 - 	 com.sun.imageio.plugins.bmp.BMPImageReader@2a4547be
2026-04-20 09:00:54.185 [FelixStartLevel] DEBUG c.m.v.image.ImageFileViewerService:59 - gif:
2026-04-20 09:00:54.185 [FelixStartLevel] DEBUG c.m.v.image.ImageFileViewerService:61 - 	 com.sun.imageio.plugins.gif.GIFImageReader@25279bc4
2026-04-20 09:00:54.186 [FelixStartLevel] DEBUG c.m.v.image.ImageFileViewerService:59 - png:
2026-04-20 09:00:54.186 [FelixStartLevel] DEBUG c.m.v.image.ImageFileViewerService:61 - 	 com.sun.imageio.plugins.png.PNGImageReader@46799bcc
2026-04-20 09:00:54.186 [FelixStartLevel] DEBUG c.m.v.image.ImageFileViewerService:59 - jpeg:
2026-04-20 09:00:54.186 [FelixStartLevel] DEBUG c.m.v.image.ImageFileViewerService:61 - 	 com.twelvemonkeys.imageio.plugins.jpeg.JPEGImageReader@5c5b62
2026-04-20 09:00:54.186 [FelixStartLevel] DEBUG c.m.v.image.ImageFileViewerService:61 - 	 com.sun.imageio.plugins.jpeg.JPEGImageReader@1bebcc74
2026-04-20 09:00:54.187 [FelixStartLevel] DEBUG c.m.v.image.ImageFileViewerService:59 - wbmp:
2026-04-20 09:00:54.187 [FelixStartLevel] DEBUG c.m.v.image.ImageFileViewerService:61 - 	 com.sun.imageio.plugins.wbmp.WBMPImageReader@2ed925d5
2026-04-20 09:00:54.187 [FelixStartLevel] DEBUG c.m.v.image.ImageFileViewerService:59 - webp:
2026-04-20 09:00:54.187 [FelixStartLevel] DEBUG c.m.v.image.ImageFileViewerService:61 - 	 com.twelvemonkeys.imageio.plugins.webp.WebPImageReader@b292faf
2026-04-20 09:00:54.187 [FelixStartLevel] DEBUG c.m.v.image.ImageFileViewerService:59 - psb:
2026-04-20 09:00:54.187 [FelixStartLevel] DEBUG c.m.v.image.ImageFileViewerService:61 - 	 com.twelvemonkeys.imageio.plugins.psd.PSDImageReader@4ee4dad2
2026-04-20 09:00:54.187 [FelixStartLevel] DEBUG c.m.v.image.ImageFileViewerService:61 - 	 com.twelvemonkeys.imageio.plugins.psd.PSDImageReader@2e032ab
2026-04-20 09:00:54.220 [FelixStartLevel] DEBUG com.mucommander.Activator:90 - starting
2026-04-20 09:00:54.222 [FelixStartLevel] INFO  c.m.c.f.o.FileProtocolServiceTracker:43 - FileProtocolService is registered: com.mucommander.Activator$2@26a22756
2026-04-20 09:00:54.260 [FelixStartLevel] INFO  c.m.u.m.o.ProtocolPanelProviderTracker:27 - ProtocolPanelProvider is registered: com.mucommander.commons.file.protocol.smb.Activator$2@293ef9d1
2026-04-20 09:00:54.260 [FelixStartLevel] INFO  c.m.u.m.o.ProtocolPanelProviderTracker:27 - ProtocolPanelProvider is registered: com.mucommander.commons.file.protocol.dropbox.Activator$2@a49eaae
2026-04-20 09:00:54.260 [FelixStartLevel] INFO  c.m.u.m.o.ProtocolPanelProviderTracker:27 - ProtocolPanelProvider is registered: com.mucommander.commons.file.protocol.gcs.Activator$2@9132a79
2026-04-20 09:00:54.260 [FelixStartLevel] INFO  c.m.u.m.o.ProtocolPanelProviderTracker:27 - ProtocolPanelProvider is registered: com.mucommander.commons.file.protocol.gdrive.Activator$2@3384087a
2026-04-20 09:00:54.260 [FelixStartLevel] INFO  c.m.u.m.o.ProtocolPanelProviderTracker:27 - ProtocolPanelProvider is registered: com.mucommander.commons.file.protocol.s3.Activator$2@6d2a9faa
2026-04-20 09:00:54.261 [FelixStartLevel] INFO  c.m.u.m.o.ProtocolPanelProviderTracker:27 - ProtocolPanelProvider is registered: com.mucommander.commons.file.protocol.sftp.Activator$2@2873043b
2026-04-20 09:00:54.261 [FelixStartLevel] INFO  c.m.u.m.o.ProtocolPanelProviderTracker:27 - ProtocolPanelProvider is registered: com.mucommander.commons.file.protocol.ovirt.Activator$2@38a3b3ae
2026-04-20 09:00:54.261 [FelixStartLevel] INFO  c.m.u.m.o.ProtocolPanelProviderTracker:27 - ProtocolPanelProvider is registered: com.mucommander.commons.file.protocol.onedrive.Activator$2@2bf7ab18
2026-04-20 09:00:54.261 [FelixStartLevel] INFO  c.m.u.m.o.ProtocolPanelProviderTracker:27 - ProtocolPanelProvider is registered: com.mucommander.commons.file.protocol.registry.Activator$5@1299a603
2026-04-20 09:00:54.261 [FelixStartLevel] INFO  c.m.u.m.o.ProtocolPanelProviderTracker:27 - ProtocolPanelProvider is registered: com.mucommander.commons.file.protocol.vsphere.Activator$2@22fb2ab7
2026-04-20 09:00:54.261 [FelixStartLevel] INFO  c.m.u.m.o.ProtocolPanelProviderTracker:27 - ProtocolPanelProvider is registered: com.mucommander.commons.file.protocol.http.Activator$3@7e0d385
2026-04-20 09:00:54.261 [FelixStartLevel] INFO  c.m.u.m.o.ProtocolPanelProviderTracker:27 - ProtocolPanelProvider is registered: com.mucommander.commons.file.protocol.ftp.Activator$2@1159170a
2026-04-20 09:00:54.261 [FelixStartLevel] INFO  c.m.u.m.o.ProtocolPanelProviderTracker:27 - ProtocolPanelProvider is registered: com.mucommander.commons.file.protocol.nfs.Activator$2@4e2f029c
2026-04-20 09:00:54.261 [FelixStartLevel] INFO  c.m.text.TranslationTracker:22 - TranslationService is registered: com.mucommander.text.Activator$1@2335b856
2026-04-20 09:00:54.262 [FelixStartLevel] INFO  c.m.osgi.FileViewerServiceTracker:50 - FileViewerService is registered: com.mucommander.viewer.image.ImageFileViewerService@fd6eea2
2026-04-20 09:00:54.262 [FelixStartLevel] INFO  c.m.osgi.FileViewerServiceTracker:50 - FileViewerService is registered: com.mucommander.viewer.binary.BinaryFileViewerService@5b13ccf3
2026-04-20 09:00:54.262 [FelixStartLevel] INFO  c.m.osgi.FileViewerServiceTracker:50 - FileViewerService is registered: com.mucommander.viewer.text.TextFileViewerService@2a1384d
2026-04-20 09:00:54.262 [FelixStartLevel] INFO  c.m.osgi.FileViewerServiceTracker:50 - FileViewerService is registered: com.mucommander.viewer.pdf.PdfFileViewer@459c2242
2026-04-20 09:00:54.262 [FelixStartLevel] INFO  c.m.osgi.FileEditorServiceTracker:50 - FileEditorService is registered: com.mucommander.viewer.text.TextFileViewerService@2a1384d
2026-04-20 09:00:54.262 [FelixStartLevel] INFO  c.m.osgi.FileEditorServiceTracker:50 - FileEditorService is registered: com.mucommander.viewer.binary.BinaryFileViewerService@5188e1e6
2026-04-20 09:00:54.265 [FelixStartLevel] INFO  c.m.o.OperatingSystemServiceTracker:43 - OperatingSystemService is registered: com.mucommander.desktop.macos.Activator$1@287a786d
2026-04-20 09:00:54.265 [FelixStartLevel] INFO  c.m.osgi.BrowsableItemsMenuService:45 - BrowseableItemsMenuService is registered: com.mucommander.commons.file.protocol.adb.Activator$$Lambda/0x00000200002bf9a8@129a287e
2026-04-20 09:00:54.265 [FelixStartLevel] INFO  c.m.osgi.BrowsableItemsMenuService:45 - BrowseableItemsMenuService is registered: com.mucommander.bonjour.Activator$$Lambda/0x00000200002279a0@67825ab8
2026-04-20 09:00:54.265 [FelixStartLevel] INFO  c.m.desktop.macos.CoreServiceTracker:42 - CoreService is registered: com.mucommander.Activator$1@953df6c
2026-04-20 09:00:54.268 [FelixStartLevel] INFO  c.m.viewer.image.ImageViewerSnapshot:67 - Loading snapshot configuration for: class com.mucommander.viewer.image.ImageViewerPreferences
2026-04-20 09:00:54.271 [FelixStartLevel] INFO  c.m.viewer.text.TextViewerSnapshot:67 - Loading snapshot configuration for: class com.mucommander.viewer.text.TextViewerPreferences
2026-04-20 09:00:54.271 [FelixStartLevel] INFO  c.mucommander.search.SearchSnapshot:67 - Loading snapshot configuration for: class com.mucommander.search.SearchProperty
2026-04-20 09:00:54.271 [FelixStartLevel] INFO  c.m.ui.viewer.ViewerSnapshot:67 - Loading snapshot configuration for: class com.mucommander.ui.viewer.ViewerPreferences
2026-04-20 09:00:54.271 [FelixStartLevel] INFO  c.m.ui.viewer.EditorSnapshot:67 - Loading snapshot configuration for: class com.mucommander.ui.viewer.EditorPreferences
2026-04-20 09:04:18.240 [WT-EventQueue-0] ERROR c.m.desktop.macos.OSXDesktopAdapter:507 - Unexpected result from running: '[ls, /opt/homebrew/bin/duti]', timed out?: false, exit code: 1
2026-04-20 09:04:18.253 [WT-EventQueue-0] ERROR c.m.desktop.macos.OSXDesktopAdapter:507 - Unexpected result from running: '[/bin/zsh, -c, command -v duti]', timed out?: false, exit code: 1
2026-04-20 09:04:18.310 [WT-EventQueue-0] ERROR c.m.desktop.macos.OSXDesktopAdapter:507 - Unexpected result from running: '[/bin/zsh, -l, -c, command -v duti]', timed out?: false, exit code: 1
2026-04-20 09:04:18.492 [WT-EventQueue-0] ERROR c.m.desktop.macos.OSXDesktopAdapter:507 - Unexpected result from running: '[/bin/zsh, -i, -c, command -v duti]', timed out?: false, exit code: 1
2026-04-20 09:04:18.492 [WT-EventQueue-0] ERROR c.m.desktop.macos.OSXDesktopAdapter:481 - Command 'duti' not found
2026-04-20 09:04:43.461 [Thread-29] WARN  c.mucommander.desktop.macos.OSXTrash:189 - failed to retrieve FileStore of /Users/david.morris/.config/zed/keymap.json
java.nio.file.NoSuchFileException: /Users/david.morris/.config/zed/keymap.json
	at java.base/sun.nio.fs.UnixException.translateToIOException(Unknown Source)
	at java.base/sun.nio.fs.UnixException.rethrowAsIOException(Unknown Source)
	at java.base/sun.nio.fs.UnixException.rethrowAsIOException(Unknown Source)
	at java.base/sun.nio.fs.UnixFileStore.devFor(Unknown Source)
	at java.base/sun.nio.fs.UnixFileStore.<init>(Unknown Source)
	at java.base/sun.nio.fs.BsdFileStore.<init>(Unknown Source)
	at java.base/sun.nio.fs.BsdFileSystemProvider.getFileStore(Unknown Source)
	at java.base/sun.nio.fs.BsdFileSystemProvider.getFileStore(Unknown Source)
	at java.base/sun.nio.fs.UnixFileSystemProvider.getFileStore(Unknown Source)
	at java.base/java.nio.file.Files.getFileStore(Unknown Source)
	at com.mucommander.desktop.macos.OSXTrash.lambda$moveToTrash$1(OSXTrash.java:187)
	at java.base/java.util.stream.ReferencePipeline$3$1.accept(Unknown Source)
	at java.base/java.util.stream.ReferencePipeline$3$1.accept(Unknown Source)
	at java.base/java.util.stream.ReferencePipeline$3$1.accept(Unknown Source)
	at java.base/java.util.Vector$VectorSpliterator.tryAdvance(Unknown Source)
	at java.base/java.util.stream.ReferencePipeline.forEachWithCancel(Unknown Source)
	at java.base/java.util.stream.AbstractPipeline.copyIntoWithCancel(Unknown Source)
	at java.base/java.util.stream.AbstractPipeline.copyInto(Unknown Source)
	at java.base/java.util.stream.AbstractPipeline.wrapAndCopyInto(Unknown Source)
	at java.base/java.util.stream.MatchOps$MatchOp.evaluateSequential(Unknown Source)
	at java.base/java.util.stream.MatchOps$MatchOp.evaluateSequential(Unknown Source)
	at java.base/java.util.stream.AbstractPipeline.evaluate(Unknown Source)
	at java.base/java.util.stream.ReferencePipeline.anyMatch(Unknown Source)
	at com.mucommander.desktop.macos.OSXTrash.moveToTrash(OSXTrash.java:194)
	at com.mucommander.desktop.QueuedTrash$MoveToTrashThread.run(QueuedTrash.java:151)
2026-04-20 09:04:43.482 [Thread-29] WARN  c.mucommander.desktop.macos.OSXTrash:189 - failed to retrieve FileStore of /Users/david.morris/.config/zed/ruff.toml
java.nio.file.NoSuchFileException: /Users/david.morris/.config/zed/ruff.toml
	at java.base/sun.nio.fs.UnixException.translateToIOException(Unknown Source)
	at java.base/sun.nio.fs.UnixException.rethrowAsIOException(Unknown Source)
	at java.base/sun.nio.fs.UnixException.rethrowAsIOException(Unknown Source)
	at java.base/sun.nio.fs.UnixFileStore.devFor(Unknown Source)
	at java.base/sun.nio.fs.UnixFileStore.<init>(Unknown Source)
	at java.base/sun.nio.fs.BsdFileStore.<init>(Unknown Source)
	at java.base/sun.nio.fs.BsdFileSystemProvider.getFileStore(Unknown Source)
	at java.base/sun.nio.fs.BsdFileSystemProvider.getFileStore(Unknown Source)
	at java.base/sun.nio.fs.UnixFileSystemProvider.getFileStore(Unknown Source)
	at java.base/java.nio.file.Files.getFileStore(Unknown Source)
	at com.mucommander.desktop.macos.OSXTrash.lambda$moveToTrash$1(OSXTrash.java:187)
	at java.base/java.util.stream.ReferencePipeline$3$1.accept(Unknown Source)
	at java.base/java.util.stream.ReferencePipeline$3$1.accept(Unknown Source)
	at java.base/java.util.stream.ReferencePipeline$3$1.accept(Unknown Source)
	at java.base/java.util.Vector$VectorSpliterator.tryAdvance(Unknown Source)
	at java.base/java.util.stream.ReferencePipeline.forEachWithCancel(Unknown Source)
	at java.base/java.util.stream.AbstractPipeline.copyIntoWithCancel(Unknown Source)
	at java.base/java.util.stream.AbstractPipeline.copyInto(Unknown Source)
	at java.base/java.util.stream.AbstractPipeline.wrapAndCopyInto(Unknown Source)
	at java.base/java.util.stream.MatchOps$MatchOp.evaluateSequential(Unknown Source)
	at java.base/java.util.stream.MatchOps$MatchOp.evaluateSequential(Unknown Source)
	at java.base/java.util.stream.AbstractPipeline.evaluate(Unknown Source)
	at java.base/java.util.stream.ReferencePipeline.anyMatch(Unknown Source)
	at com.mucommander.desktop.macos.OSXTrash.moveToTrash(OSXTrash.java:194)
	at com.mucommander.desktop.QueuedTrash$MoveToTrashThread.run(QueuedTrash.java:151)
2026-04-20 09:04:43.484 [Thread-29] WARN  c.mucommander.desktop.macos.OSXTrash:189 - failed to retrieve FileStore of /Users/david.morris/.config/zed/settings.json
java.nio.file.NoSuchFileException: /Users/david.morris/.config/zed/settings.json
	at java.base/sun.nio.fs.UnixException.translateToIOException(Unknown Source)
	at java.base/sun.nio.fs.UnixException.rethrowAsIOException(Unknown Source)
	at java.base/sun.nio.fs.UnixException.rethrowAsIOException(Unknown Source)
	at java.base/sun.nio.fs.UnixFileStore.devFor(Unknown Source)
	at java.base/sun.nio.fs.UnixFileStore.<init>(Unknown Source)
	at java.base/sun.nio.fs.BsdFileStore.<init>(Unknown Source)
	at java.base/sun.nio.fs.BsdFileSystemProvider.getFileStore(Unknown Source)
	at java.base/sun.nio.fs.BsdFileSystemProvider.getFileStore(Unknown Source)
	at java.base/sun.nio.fs.UnixFileSystemProvider.getFileStore(Unknown Source)
	at java.base/java.nio.file.Files.getFileStore(Unknown Source)
	at com.mucommander.desktop.macos.OSXTrash.lambda$moveToTrash$1(OSXTrash.java:187)
	at java.base/java.util.stream.ReferencePipeline$3$1.accept(Unknown Source)
	at java.base/java.util.stream.ReferencePipeline$3$1.accept(Unknown Source)
	at java.base/java.util.stream.ReferencePipeline$3$1.accept(Unknown Source)
	at java.base/java.util.Vector$VectorSpliterator.tryAdvance(Unknown Source)
	at java.base/java.util.stream.ReferencePipeline.forEachWithCancel(Unknown Source)
	at java.base/java.util.stream.AbstractPipeline.copyIntoWithCancel(Unknown Source)
	at java.base/java.util.stream.AbstractPipeline.copyInto(Unknown Source)
	at java.base/java.util.stream.AbstractPipeline.wrapAndCopyInto(Unknown Source)
	at java.base/java.util.stream.MatchOps$MatchOp.evaluateSequential(Unknown Source)
	at java.base/java.util.stream.MatchOps$MatchOp.evaluateSequential(Unknown Source)
	at java.base/java.util.stream.AbstractPipeline.evaluate(Unknown Source)
	at java.base/java.util.stream.ReferencePipeline.anyMatch(Unknown Source)
	at com.mucommander.desktop.macos.OSXTrash.moveToTrash(OSXTrash.java:194)
	at com.mucommander.desktop.QueuedTrash$MoveToTrashThread.run(QueuedTrash.java:151)
